<html>
<body>
<pre>
<h1>µVision Build Log</h1>
<h2>Project:</h2>
C:\Users\RaulPC\Desktop\CSULB\Senior Year\SeniorYear1stSemester\CECS490A\SeniorProject\TM4C\490.uvproj
Project File Date:  03/20/2020

<h2>Output:</h2>
Rebuild target '490'
assembling startup.s...
compiling 490.c...
compiling SysTick.c...
compiling PLL.c...
compiling UART.c...
compiling ADC.c...
linking...
Program Size: Code=4760 RO-data=304 RW-data=44 ZI-data=1124  
".\490.axf" - 0 Error(s), 0 Warning(s).
Load "C:\\Users\\RaulPC\\Desktop\\CSULB\\Senior Year\\SeniorYear1stSemester\\CECS490A\\SeniorProject\\TM4C\\490.axf" 
Connecting: Mode=JTAG, Speed=1000000Hz
Erase Done.
Programming Done.
Verify OK.
axf" - 0 Error(s), 1 Warning(s).
Load "C:\\Users\\RaulPC\\Desktop\\CSULB\\Senior Year\\SeniorYear1stSemester\\CECS490A\\SeniorProject\\TM4C\\490.axf" 
Connecting: Mode=JTAG, Speed=1000000Hz
Erase Done.
Programming Done.
Verify OK.
